// Jest Snapshot v1, https://goo.gl/fbAQLP

exports[`Apptext input is rendered 1`] = `[Function]`;

exports[`Login screen renders 1`] = `
<View
  style={
    Object {
      "flex": 1,
    }
  }
>
  <View
    accessibilityIgnoresInvertColors={true}
    style={
      Object {
        "flex": 1,
        "justifyContent": "center",
        "resizeMode": "cover",
      }
    }
  >
    <Image
      source={
        Object {
          "testUri": "../../../Components/Images/backgroundImg.jpg",
        }
      }
      style={
        Array [
          Object {
            "bottom": 0,
            "left": 0,
            "position": "absolute",
            "right": 0,
            "top": 0,
          },
          Object {
            "height": undefined,
            "width": undefined,
          },
          undefined,
        ]
      }
    />
  </View>
  <View
    style={
      Object {
        "position": "absolute",
      }
    }
  >
    <View>
      <View
        style={
          Object {
            "alignItems": "center",
            "backgroundColor": "rgba(45, 106, 79, 0.9)",
            "borderRadius": 15,
            "height": 450,
            "left": 10,
            "top": 100,
            "width": 370,
          }
        }
      >
        <Text
          style={
            Object {
              "color": "#fff",
              "fontSize": 40,
            }
          }
        >
          Login
        </Text>
        <View
          style={
            Object {
              "alignContent": "center",
              "height": 80,
              "paddingBottom": 5,
              "textAlign": "center",
              "width": 300,
            }
          }
        >
          <Text
            style={
              Object {
                "color": "#fff",
                "fontSize": 20,
                "padding": 5,
              }
            }
          >
            Name:
          </Text>
          <TextInput
            allowFontScaling={true}
            clearTextOnFocus={true}
            onBlur={[Function]}
            onChangeText={[Function]}
            rejectResponderTermination={true}
            style={
              Object {
                "backgroundColor": "#fff",
                "borderRadius": 15,
                "color": "#000",
                "fontSize": 15,
                "height": 45,
                "padding": 10,
                "width": 300,
              }
            }
            underlineColorAndroid="transparent"
            value=""
          />
        </View>
        <View
          style={
            Object {
              "alignContent": "center",
              "height": 80,
              "paddingBottom": 5,
              "textAlign": "center",
              "width": 300,
            }
          }
        >
          <Text
            style={
              Object {
                "color": "#fff",
                "fontSize": 20,
                "padding": 5,
              }
            }
          >
            Password:
          </Text>
          <TextInput
            allowFontScaling={true}
            clearTextOnFocus={true}
            onBlur={[Function]}
            onChangeText={[Function]}
            rejectResponderTermination={true}
            secureTextEntry={true}
            style={
              Object {
                "backgroundColor": "#fff",
                "borderRadius": 15,
                "color": "#000",
                "fontSize": 15,
                "height": 45,
                "padding": 10,
                "width": 300,
              }
            }
            underlineColorAndroid="transparent"
            value=""
          />
        </View>
        <View
          accessible={true}
          focusable={true}
          onClick={[Function]}
          onResponderGrant={[Function]}
          onResponderMove={[Function]}
          onResponderRelease={[Function]}
          onResponderTerminate={[Function]}
          onResponderTerminationRequest={[Function]}
          onStartShouldSetResponder={[Function]}
          style={
            Object {
              "opacity": 1,
            }
          }
        >
          <View
            style={
              Object {
                "alignItems": "center",
                "backgroundColor": "#1B4332",
                "borderRadius": 15,
                "display": "flex",
                "height": 50,
                "justifyContent": "center",
                "top": 20,
                "width": 200,
              }
            }
          >
            <Text
              style={
                Object {
                  "color": "#fff",
                  "fontSize": 20,
                }
              }
            >
              Login
            </Text>
          </View>
        </View>
      </View>
    </View>
  </View>
</View>
`;

exports[`renders correctly 1`] = `
<View
  style={
    Object {
      "flex": 1,
    }
  }
>
  <View
    accessibilityIgnoresInvertColors={true}
    style={
      Object {
        "flex": 1,
        "justifyContent": "center",
        "resizeMode": "cover",
      }
    }
  >
    <Image
      source={
        Object {
          "testUri": "../../../Components/Images/backgroundImg.jpg",
        }
      }
      style={
        Array [
          Object {
            "bottom": 0,
            "left": 0,
            "position": "absolute",
            "right": 0,
            "top": 0,
          },
          Object {
            "height": undefined,
            "width": undefined,
          },
          undefined,
        ]
      }
    />
  </View>
  <View
    style={
      Object {
        "position": "absolute",
      }
    }
  >
    <View>
      <View
        style={
          Object {
            "alignItems": "center",
            "backgroundColor": "rgba(45, 106, 79, 0.9)",
            "borderRadius": 15,
            "height": 450,
            "left": 10,
            "top": 100,
            "width": 370,
          }
        }
      >
        <Text
          style={
            Object {
              "color": "#fff",
              "fontSize": 40,
            }
          }
        >
          Login
        </Text>
        <View
          style={
            Object {
              "alignContent": "center",
              "height": 80,
              "paddingBottom": 5,
              "textAlign": "center",
              "width": 300,
            }
          }
        >
          <Text
            style={
              Object {
                "color": "#fff",
                "fontSize": 20,
                "padding": 5,
              }
            }
          >
            Name:
          </Text>
          <TextInput
            allowFontScaling={true}
            clearTextOnFocus={true}
            onBlur={[Function]}
            onChangeText={[Function]}
            rejectResponderTermination={true}
            style={
              Object {
                "backgroundColor": "#fff",
                "borderRadius": 15,
                "color": "#000",
                "fontSize": 15,
                "height": 45,
                "padding": 10,
                "width": 300,
              }
            }
            underlineColorAndroid="transparent"
            value=""
          />
        </View>
        <View
          style={
            Object {
              "alignContent": "center",
              "height": 80,
              "paddingBottom": 5,
              "textAlign": "center",
              "width": 300,
            }
          }
        >
          <Text
            style={
              Object {
                "color": "#fff",
                "fontSize": 20,
                "padding": 5,
              }
            }
          >
            Password:
          </Text>
          <TextInput
            allowFontScaling={true}
            clearTextOnFocus={true}
            onBlur={[Function]}
            onChangeText={[Function]}
            rejectResponderTermination={true}
            secureTextEntry={true}
            style={
              Object {
                "backgroundColor": "#fff",
                "borderRadius": 15,
                "color": "#000",
                "fontSize": 15,
                "height": 45,
                "padding": 10,
                "width": 300,
              }
            }
            underlineColorAndroid="transparent"
            value=""
          />
        </View>
        <View
          accessible={true}
          focusable={true}
          onClick={[Function]}
          onResponderGrant={[Function]}
          onResponderMove={[Function]}
          onResponderRelease={[Function]}
          onResponderTerminate={[Function]}
          onResponderTerminationRequest={[Function]}
          onStartShouldSetResponder={[Function]}
          style={
            Object {
              "opacity": 1,
            }
          }
        >
          <View
            style={
              Object {
                "alignItems": "center",
                "backgroundColor": "#1B4332",
                "borderRadius": 15,
                "display": "flex",
                "height": 50,
                "justifyContent": "center",
                "top": 20,
                "width": 200,
              }
            }
          >
            <Text
              style={
                Object {
                  "color": "#fff",
                  "fontSize": 20,
                }
              }
            >
              Login
            </Text>
          </View>
        </View>
      </View>
    </View>
  </View>
</View>
`;
